public/demo.csv
Date,Product,Category,Units_Sold,Price_EUR,Revenue_EUR,Margin_Percent
2025-11-01,ASUS VivoBook 15 Laptop,Laptops,3,639,1917,18
2025-11-02,ASUS VivoBook 15 Laptop,Laptops,2,639,1278,18
2025-11-03,ASUS VivoBook 15 Laptop,Laptops,5,639,3195,18
2025-11-04,ASUS VivoBook 15 Laptop,Laptops,2,639,1278,18
2025-11-05,ASUS VivoBook 15 Laptop,Laptops,3,639,1917,18
2025-11-06,ASUS VivoBook 15 Laptop,Laptops,2,639,1278,18
2025-11-07,ASUS VivoBook 15 Laptop,Laptops,3,639,1917,18
2025-11-08,ASUS VivoBook 15 Laptop,Laptops,6,639,3834,18
2025-11-09,ASUS VivoBook 15 Laptop,Laptops,7,639,4473,18
2025-11-10,ASUS VivoBook 15 Laptop,Laptops,6,639,3834,18
2025-11-11,ASUS VivoBook 15 Laptop,Laptops,2,639,1278,18
2025-11-12,ASUS VivoBook 15 Laptop,Laptops,3,639,1917,18
2025-11-13,ASUS VivoBook 15 Laptop,Laptops,2,639,1278,18
2025-11-14,ASUS VivoBook 15 Laptop,Laptops,3,639,1917,18
2025-11-15,ASUS VivoBook 15 Laptop,Laptops,6,639,3834,18
2025-11-16,ASUS VivoBook 15 Laptop,Laptops,7,639,4473,18
2025-11-17,ASUS VivoBook 15 Laptop,Laptops,6,639,3834,18
2025-11-18,ASUS VivoBook 15 Laptop,Laptops,2,639,1278,18
2025-11-19,ASUS VivoBook 15 Laptop,Laptops,3,639,1917,18
2025-11-20,ASUS VivoBook 15 Laptop,Laptops,2,639,1278,18
2025-11-21,ASUS VivoBook 15 Laptop,Laptops,3,639,1917,18
2025-11-22,ASUS VivoBook 15 Laptop,Laptops,6,639,3834,18
2025-11-23,ASUS VivoBook 15 Laptop,Laptops,7,639,4473,18
2025-11-24,ASUS VivoBook 15 Laptop,Laptops,6,639,3834,18
2025-11-25,ASUS VivoBook 15 Laptop,Laptops,2,639,1278,18
2025-11-26,ASUS VivoBook 15 Laptop,Laptops,3,639,1917,18
2025-11-27,ASUS VivoBook 15 Laptop,Laptops,2,639,1278,18
2025-11-28,ASUS VivoBook 15 Laptop,Laptops,8,599,4792,18
2025-11-29,ASUS VivoBook 15 Laptop,Laptops,10,599,5990,18
2025-11-30,ASUS VivoBook 15 Laptop,Laptops,4,639,2556,18
2025-11-01,Lenovo IdeaPad 3 Laptop,Laptops,2,539,1078,16
2025-11-02,Lenovo IdeaPad 3 Laptop,Laptops,3,539,1617,16
2025-11-03,Lenovo IdeaPad 3 Laptop,Laptops,4,539,2156,16
2025-11-04,Lenovo IdeaPad 3 Laptop,Laptops,2,539,1078,16
2025-11-05,Lenovo IdeaPad 3 Laptop,Laptops,2,539,1078,16
2025-11-06,Lenovo IdeaPad 3 Laptop,Laptops,3,539,1617,16
2025-11-07,Lenovo IdeaPad 3 Laptop,Laptops,2,539,1078,16
2025-11-08,Lenovo IdeaPad 3 Laptop,Laptops,5,539,2695,16
2025-11-09,Lenovo IdeaPad 3 Laptop,Laptops,6,539,3234,16
2025-11-10,Lenovo IdeaPad 3 Laptop,Laptops,5,539,2695,16
2025-11-11,Lenovo IdeaPad 3 Laptop,Laptops,2,539,1078,16
2025-11-12,Lenovo IdeaPad 3 Laptop,Laptops,2,539,1078,16
2025-11-13,Lenovo IdeaPad 3 Laptop,Laptops,3,539,1617,16
2025-11-14,Lenovo IdeaPad 3 Laptop,Laptops,2,539,1078,16
2025-11-15,Lenovo IdeaPad 3 Laptop,Laptops,5,539,2695,16
2025-11-16,Lenovo IdeaPad 3 Laptop,Laptops,6,539,3234,16
2025-11-17,Lenovo IdeaPad 3 Laptop,Laptops,5,539,2695,16
2025-11-18,Lenovo IdeaPad 3 Laptop,Laptops,2,539,1078,16
2025-11-19,Lenovo IdeaPad 3 Laptop,Laptops,2,539,1078,16
2025-11-20,Lenovo IdeaPad 3 Laptop,Laptops,3,539,1617,16
2025-11-21,Lenovo IdeaPad 3 Laptop,Laptops,2,539,1078,16
2025-11-22,Lenovo IdeaPad 3 Laptop,Laptops,5,539,2695,16
2025-11-23,Lenovo IdeaPad 3 Laptop,Laptops,6,539,3234,16
2025-11-24,Lenovo IdeaPad 3 Laptop,Laptops,5,539,2695,16
2025-11-25,Lenovo IdeaPad 3 Laptop,Laptops,2,539,1078,16
2025-11-26,Lenovo IdeaPad 3 Laptop,Laptops,2,539,1078,16
2025-11-27,Lenovo IdeaPad 3 Laptop,Laptops,3,539,1617,16
2025-11-28,Lenovo IdeaPad 3 Laptop,Laptops,7,499,3493,16
2025-11-29,Lenovo IdeaPad 3 Laptop,Laptops,9,499,4491,16
2025-11-30,Lenovo IdeaPad 3 Laptop,Laptops,4,539,2156,16
2025-11-01,Samsung 27" 4K Monitor,Monitors,4,359,1436,22
2025-11-02,Samsung 27" 4K Monitor,Monitors,3,359,1077,22
2025-11-03,Samsung 27" 4K Monitor,Monitors,6,359,2154,22
2025-11-04,Samsung 27" 4K Monitor,Monitors,3,359,1077,22
2025-11-05,Samsung 27" 4K Monitor,Monitors,4,359,1436,22
2025-11-06,Samsung 27" 4K Monitor,Monitors,3,359,1077,22
2025-11-07,Samsung 27" 4K Monitor,Monitors,4,359,1436,22
2025-11-08,Samsung 27" 4K Monitor,Monitors,7,359,2513,22
2025-11-09,Samsung 27" 4K Monitor,Monitors,8,359,2872,22
2025-11-10,Samsung 27" 4K Monitor,Monitors,7,359,2513,22
2025-11-11,Samsung 27" 4K Monitor,Monitors,3,359,1077,22
2025-11-12,Samsung 27" 4K Monitor,Monitors,4,359,1436,22
2025-11-13,Samsung 27" 4K Monitor,Monitors,3,359,1077,22
2025-11-14,Samsung 27" 4K Monitor,Monitors,4,359,1436,22
2025-11-15,Samsung 27" 4K Monitor,Monitors,7,359,2513,22
2025-11-16,Samsung 27" 4K Monitor,Monitors,8,359,2872,22
2025-11-17,Samsung 27" 4K Monitor,Monitors,7,359,2513,22
2025-11-18,Samsung 27" 4K Monitor,Monitors,3,359,1077,22
2025-11-19,Samsung 27" 4K Monitor,Monitors,4,359,1436,22
2025-11-20,Samsung 27" 4K Monitor,Monitors,3,359,1077,22
2025-11-21,Samsung 27" 4K Monitor,Monitors,4,359,1436,22
2025-11-22,Samsung 27" 4K Monitor,Monitors,7,359,2513,22
2025-11-23,Samsung 27" 4K Monitor,Monitors,8,359,2872,22
2025-11-24,Samsung 27" 4K Monitor,Monitors,7,359,2513,22
2025-11-25,Samsung 27" 4K Monitor,Monitors,3,359,1077,22
2025-11-26,Samsung 27" 4K Monitor,Monitors,4,359,1436,22
2025-11-27,Samsung 27" 4K Monitor,Monitors,3,359,1077,22
2025-11-28,Samsung 27" 4K Monitor,Monitors,10,319,3190,22
2025-11-29,Samsung 27" 4K Monitor,Monitors,12,319,3828,22
2025-11-30,Samsung 27" 4K Monitor,Monitors,5,359,1795,22
2025-11-01,LG 24" FHD Monitor,Monitors,6,169,1014,25
2025-11-02,LG 24" FHD Monitor,Monitors,5,169,845,25
2025-11-03,LG 24" FHD Monitor,Monitors,8,169,1352,25
2025-11-04,LG 24" FHD Monitor,Monitors,4,169,676,25
2025-11-05,LG 24" FHD Monitor,Monitors,5,169,845,25
2025-11-06,LG 24" FHD Monitor,Monitors,5,169,845,25
2025-11-07,LG 24" FHD Monitor,Monitors,6,169,1014,25
2025-11-08,LG 24" FHD Monitor,Monitors,9,169,1521,25
2025-11-09,LG 24" FHD Monitor,Monitors,10,169,1690,25
2025-11-10,LG 24" FHD Monitor,Monitors,9,169,1521,25
2025-11-11,LG 24" FHD Monitor,Monitors,4,169,676,25
2025-11-12,LG 24" FHD Monitor,Monitors,5,169,845,25
2025-11-13,LG 24" FHD Monitor,Monitors,5,169,845,25
2025-11-14,LG 24" FHD Monitor,Monitors,6,169,1014,25
2025-11-15,LG 24" FHD Monitor,Monitors,9,169,1521,25
2025-11-16,LG 24" FHD Monitor,Monitors,10,169,1690,25
2025-11-17,LG 24" FHD Monitor,Monitors,9,169,1521,25
2025-11-18,LG 24" FHD Monitor,Monitors,4,169,676,25
2025-11-19,LG 24" FHD Monitor,Monitors,5,169,845,25
2025-11-20,LG 24" FHD Monitor,Monitors,5,169,845,25
2025-11-21,LG 24" FHD Monitor,Monitors,6,169,1014,25
2025-11-22,LG 24" FHD Monitor,Monitors,9,169,1521,25
2025-11-23,LG 24" FHD Monitor,Monitors,10,169,1690,25
2025-11-24,LG 24" FHD Monitor,Monitors,9,169,1521,25
2025-11-25,LG 24" FHD Monitor,Monitors,4,169,676,25
2025-11-26,LG 24" FHD Monitor,Monitors,5,169,845,25
2025-11-27,LG 24" FHD Monitor,Monitors,5,169,845,25
2025-11-28,LG 24" FHD Monitor,Monitors,12,149,1788,25
2025-11-29,LG 24" FHD Monitor,Monitors,14,149,2086,25
2025-11-30,LG 24" FHD Monitor,Monitors,7,169,1183,25
2025-11-01,Logitech MX Keys Keyboard,Accessories,8,119,952,35
2025-11-02,Logitech MX Keys Keyboard,Accessories,6,119,714,35
2025-11-03,Logitech MX Keys Keyboard,Accessories,5,119,595,35
2025-11-04,Logitech MX Keys Keyboard,Accessories,7,119,833,35
2025-11-05,Logitech MX Keys Keyboard,Accessories,6,119,714,35
2025-11-06,Logitech MX Keys Keyboard,Accessories,7,119,833,35
2025-11-07,Logitech MX Keys Keyboard,Accessories,8,119,952,35
2025-11-08,Logitech MX Keys Keyboard,Accessories,6,119,714,35
2025-11-09,Logitech MX Keys Keyboard,Accessories,5,119,595,35
2025-11-10,Logitech MX Keys Keyboard,Accessories,5,119,595,35
2025-11-11,Logitech MX Keys Keyboard,Accessories,7,119,833,35
2025-11-12,Logitech MX Keys Keyboard,Accessories,6,119,714,35
2025-11-13,Logitech MX Keys Keyboard,Accessories,7,119,833,35
2025-11-14,Logitech MX Keys Keyboard,Accessories,8,119,952,35
2025-11-15,Logitech MX Keys Keyboard,Accessories,6,119,714,35
2025-11-16,Logitech MX Keys Keyboard,Accessories,5,119,595,35
2025-11-17,Logitech MX Keys Keyboard,Accessories,5,119,595,35
2025-11-18,Logitech MX Keys Keyboard,Accessories,7,119,833,35
2025-11-19,Logitech MX Keys Keyboard,Accessories,6,119,714,35
2025-11-20,Logitech MX Keys Keyboard,Accessories,7,119,833,35
2025-11-21,Logitech MX Keys Keyboard,Accessories,8,119,952,35
2025-11-22,Logitech MX Keys Keyboard,Accessories,6,119,714,35
2025-11-23,Logitech MX Keys Keyboard,Accessories,5,119,595,35
2025-11-24,Logitech MX Keys Keyboard,Accessories,5,119,595,35
2025-11-25,Logitech MX Keys Keyboard,Accessories,7,119,833,35
2025-11-26,Logitech MX Keys Keyboard,Accessories,6,119,714,35
2025-11-27,Logitech MX Keys Keyboard,Accessories,7,119,833,35
2025-11-28,Logitech MX Keys Keyboard,Accessories,10,107,1070,35
2025-11-29,Logitech MX Keys Keyboard,Accessories,8,107,856,35
2025-11-30,Logitech MX Keys Keyboard,Accessories,6,119,714,35
2025-11-01,Microsoft Ergonomic Keyboard,Accessories,3,75,225,32
2025-11-02,Microsoft Ergonomic Keyboard,Accessories,4,75,300,32
2025-11-03,Microsoft Ergonomic Keyboard,Accessories,2,75,150,32
2025-11-04,Microsoft Ergonomic Keyboard,Accessories,3,75,225,32
2025-11-05,Microsoft Ergonomic Keyboard,Accessories,2,75,150,32
2025-11-06,Microsoft Ergonomic Keyboard,Accessories,3,75,225,32
2025-11-07,Microsoft Ergonomic Keyboard,Accessories,4,75,300,32
2025-11-08,Microsoft Ergonomic Keyboard,Accessories,3,75,225,32
2025-11-09,Microsoft Ergonomic Keyboard,Accessories,2,75,150,32
2025-11-10,Microsoft Ergonomic Keyboard,Accessories,2,75,150,32
2025-11-11,Microsoft Ergonomic Keyboard,Accessories,3,75,225,32
2025-11-12,Microsoft Ergonomic Keyboard,Accessories,3,75,225,32
2025-11-13,Microsoft Ergonomic Keyboard,Accessories,3,75,225,32
2025-11-14,Microsoft Ergonomic Keyboard,Accessories,4,75,300,32
2025-11-15,Microsoft Ergonomic Keyboard,Accessories,3,75,225,32
2025-11-16,Microsoft Ergonomic Keyboard,Accessories,2,75,150,32
2025-11-17,Microsoft Ergonomic Keyboard,Accessories,2,75,150,32
2025-11-18,Microsoft Ergonomic Keyboard,Accessories,3,75,225,32
2025-11-19,Microsoft Ergonomic Keyboard,Accessories,3,75,225,32
2025-11-20,Microsoft Ergonomic Keyboard,Accessories,3,75,225,32
2025-11-21,Microsoft Ergonomic Keyboard,Accessories,4,75,300,32
2025-11-22,Microsoft Ergonomic Keyboard,Accessories,3,75,225,32
2025-11-23,Microsoft Ergonomic Keyboard,Accessories,2,75,150,32
2025-11-24,Microsoft Ergonomic Keyboard,Accessories,2,75,150,32
2025-11-25,Microsoft Ergonomic Keyboard,Accessories,3,75,225,32
2025-11-26,Microsoft Ergonomic Keyboard,Accessories,3,75,225,32
2025-11-27,Microsoft Ergonomic Keyboard,Accessories,3,75,225,32
2025-11-28,Microsoft Ergonomic Keyboard,Accessories,5,67,335,32
2025-11-29,Microsoft Ergonomic Keyboard,Accessories,4,67,268,32
2025-11-30,Microsoft Ergonomic Keyboard,Accessories,3,75,225,32
2025-11-01,Logitech MX Master 3 Mouse,Accessories,7,99,693,38
2025-11-02,Logitech MX Master 3 Mouse,Accessories,5,99,495,38
2025-11-03,Logitech MX Master 3 Mouse,Accessories,6,99,594,38
2025-11-04,Logitech MX Master 3 Mouse,Accessories,5,99,495,38
2025-11-05,Logitech MX Master 3 Mouse,Accessories,6,99,594,38
2025-11-06,Logitech MX Master 3 Mouse,Accessories,5,99,495,38
2025-11-07,Logitech MX Master 3 Mouse,Accessories,7,99,693,38
2025-11-08,Logitech MX Master 3 Mouse,Accessories,5,99,495,38
2025-11-09,Logitech MX Master 3 Mouse,Accessories,6,99,594,38
2025-11-10,Logitech MX Master 3 Mouse,Accessories,5,99,495,38
2025-11-11,Logitech MX Master 3 Mouse,Accessories,5,99,495,38
2025-11-12,Logitech MX Master 3 Mouse,Accessories,6,99,594,38
2025-11-13,Logitech MX Master 3 Mouse,Accessories,5,99,495,38
2025-11-14,Logitech MX Master 3 Mouse,Accessories,7,99,693,38
2025-11-15,Logitech MX Master 3 Mouse,Accessories,5,99,495,38
2025-11-16,Logitech MX Master 3 Mouse,Accessories,6,99,594,38
2025-11-17,Logitech MX Master 3 Mouse,Accessories,5,99,495,38
2025-11-18,Logitech MX Master 3 Mouse,Accessories,5,99,495,38
2025-11-19,Logitech MX Master 3 Mouse,Accessories,6,99,594,38
2025-11-20,Logitech MX Master 3 Mouse,Accessories,5,99,495,38
2025-11-21,Logitech MX Master 3 Mouse,Accessories,7,99,693,38
2025-11-22,Logitech MX Master 3 Mouse,Accessories,5,99,495,38
2025-11-23,Logitech MX Master 3 Mouse,Accessories,6,99,594,38
2025-11-24,Logitech MX Master 3 Mouse,Accessories,5,99,495,38
2025-11-25,Logitech MX Master 3 Mouse,Accessories,5,99,495,38
2025-11-26,Logitech MX Master 3 Mouse,Accessories,6,99,594,38
2025-11-27,Logitech MX Master 3 Mouse,Accessories,5,99,495,38
2025-11-28,Logitech MX Master 3 Mouse,Accessories,8,87,696,38
2025-11-29,Logitech MX Master 3 Mouse,Accessories,7,87,609,38
2025-11-30,Logitech MX Master 3 Mouse,Accessories,5,99,495,38
2025-11-01,Razer DeathAdder Mouse,Gaming,5,67,335,40
2025-11-02,Razer DeathAdder Mouse,Gaming,8,67,536,40
2025-11-03,Razer DeathAdder Mouse,Gaming,12,67,804,40
2025-11-04,Razer DeathAdder Mouse,Gaming,4,67,268,40
2025-11-05,Razer DeathAdder Mouse,Gaming,5,67,335,40
2025-11-06,Razer DeathAdder Mouse,Gaming,6,67,402,40
2025-11-07,Razer DeathAdder Mouse,Gaming,7,67,469,40
2025-11-08,Razer DeathAdder Mouse,Gaming,14,67,938,40
2025-11-09,Razer DeathAdder Mouse,Gaming,16,67,1072,40
2025-11-10,Razer DeathAdder Mouse,Gaming,15,67,1005,40
2025-11-11,Razer DeathAdder Mouse,Gaming,4,67,268,40
2025-11-12,Razer DeathAdder Mouse,Gaming,5,67,335,40
2025-11-13,Razer DeathAdder Mouse,Gaming,6,67,402,40
2025-11-14,Razer DeathAdder Mouse,Gaming,7,67,469,40
2025-11-15,Razer DeathAdder Mouse,Gaming,14,67,938,40
2025-11-16,Razer DeathAdder Mouse,Gaming,16,67,1072,40
2025-11-17,Razer DeathAdder Mouse,Gaming,15,67,1005,40
2025-11-18,Razer DeathAdder Mouse,Gaming,4,67,268,40
2025-11-19,Razer DeathAdder Mouse,Gaming,5,67,335,40
2025-11-20,Razer DeathAdder Mouse,Gaming,6,67,402,40
2025-11-21,Razer DeathAdder Mouse,Gaming,7,67,469,40
2025-11-22,Razer DeathAdder Mouse,Gaming,14,67,938,40
2025-11-23,Razer DeathAdder Mouse,Gaming,16,67,1072,40
2025-11-24,Razer DeathAdder Mouse,Gaming,15,67,1005,40
2025-11-25,Razer DeathAdder Mouse,Gaming,4,67,268,40
2025-11-26,Razer DeathAdder Mouse,Gaming,5,67,335,40
2025-11-27,Razer DeathAdder Mouse,Gaming,6,67,402,40
2025-11-28,Razer DeathAdder Mouse,Gaming,18,59,1062,40
2025-11-29,Razer DeathAdder Mouse,Gaming,22,59,1298,40
2025-11-30,Razer DeathAdder Mouse,Gaming,10,67,670,40
2025-11-01,HyperX Cloud II Headset,Gaming,4,87,348,36
2025-11-02,HyperX Cloud II Headset,Gaming,6,87,522,36
2025-11-03,HyperX Cloud II Headset,Gaming,9,87,783,36
2025-11-04,HyperX Cloud II Headset,Gaming,3,87,261,36
2025-11-05,HyperX Cloud II Headset,Gaming,4,87,348,36
2025-11-06,HyperX Cloud II Headset,Gaming,5,87,435,36
2025-11-07,HyperX Cloud II Headset,Gaming,6,87,522,36
2025-11-08,HyperX Cloud II Headset,Gaming,11,87,957,36
2025-11-09,HyperX Cloud II Headset,Gaming,13,87,1131,36
2025-11-10,HyperX Cloud II Headset,Gaming,12,87,1044,36
2025-11-11,HyperX Cloud II Headset,Gaming,3,87,261,36
2025-11-12,HyperX Cloud II Headset,Gaming,4,87,348,36
2025-11-13,HyperX Cloud II Headset,Gaming,5,87,435,36
2025-11-14,HyperX Cloud II Headset,Gaming,6,87,522,36
2025-11-15,HyperX Cloud II Headset,Gaming,11,87,957,36
2025-11-16,HyperX Cloud II Headset,Gaming,13,87,1131,36
2025-11-17,HyperX Cloud II Headset,Gaming,12,87,1044,36
2025-11-18,HyperX Cloud II Headset,Gaming,3,87,261,36
2025-11-19,HyperX Cloud II Headset,Gaming,4,87,348,36
2025-11-20,HyperX Cloud II Headset,Gaming,5,87,435,36
2025-11-21,HyperX Cloud II Headset,Gaming,6,87,522,36
2025-11-22,HyperX Cloud II Headset,Gaming,11,87,957,36
2025-11-23,HyperX Cloud II Headset,Gaming,13,87,1131,36
2025-11-24,HyperX Cloud II Headset,Gaming,12,87,1044,36
2025-11-25,HyperX Cloud II Headset,Gaming,3,87,261,36
2025-11-26,HyperX Cloud II Headset,Gaming,4,87,348,36
2025-11-27,HyperX Cloud II Headset,Gaming,5,87,435,36
2025-11-28,HyperX Cloud II Headset,Gaming,15,75,1125,36
2025-11-29,HyperX Cloud II Headset,Gaming,18,75,1350,36
2025-11-30,HyperX Cloud II Headset,Gaming,8,87,696,36
2025-11-01,Secret Lab Gaming Chair,Gaming,1,519,519,28
2025-11-02,Secret Lab Gaming Chair,Gaming,2,519,1038,28
2025-11-03,Secret Lab Gaming Chair,Gaming,3,519,1557,28
2025-11-04,Secret Lab Gaming Chair,Gaming,1,519,519,28
2025-11-05,Secret Lab Gaming Chair,Gaming,1,519,519,28
2025-11-06,Secret Lab Gaming Chair,Gaming,1,519,519,28
2025-11-07,Secret Lab Gaming Chair,Gaming,2,519,1038,28
2025-11-08,Secret Lab Gaming Chair,Gaming,4,519,2076,28
2025-11-09,Secret Lab Gaming Chair,Gaming,5,519,2595,28
2025-11-10,Secret Lab Gaming Chair,Gaming,4,519,2076,28
2025-11-11,Secret Lab Gaming Chair,Gaming,1,519,519,28
2025-11-12,Secret Lab Gaming Chair,Gaming,1,519,519,28
2025-11-13,Secret Lab Gaming Chair,Gaming,1,519,519,28
2025-11-14,Secret Lab Gaming Chair,Gaming,2,519,1038,28
2025-11-15,Secret Lab Gaming Chair,Gaming,4,519,2076,28
2025-11-16,Secret Lab Gaming Chair,Gaming,5,519,2595,28
2025-11-17,Secret Lab Gaming Chair,Gaming,4,519,2076,28
2025-11-18,Secret Lab Gaming Chair,Gaming,1,519,519,28
2025-11-19,Secret Lab Gaming Chair,Gaming,1,519,519,28
2025-11-20,Secret Lab Gaming Chair,Gaming,1,519,519,28
2025-11-21,Secret Lab Gaming Chair,Gaming,2,519,1038,28
2025-11-22,Secret Lab Gaming Chair,Gaming,4,519,2076,28
2025-11-23,Secret Lab Gaming Chair,Gaming,5,519,2595,28
2025-11-24,Secret Lab Gaming Chair,Gaming,4,519,2076,28
2025-11-25,Secret Lab Gaming Chair,Gaming,1,519,519,28
2025-11-26,Secret Lab Gaming Chair,Gaming,1,519,519,28
2025-11-27,Secret Lab Gaming Chair,Gaming,1,519,519,28
2025-11-28,Secret Lab Gaming Chair,Gaming,6,459,2754,28
2025-11-29,Secret Lab Gaming Chair,Gaming,8,459,3672,28
2025-11-30,Secret Lab Gaming Chair,Gaming,3,519,1557,28
