public/demo.csv
Date,Product,Category,Units_Sold,Price_EUR,Revenue_EUR,Margin_Percent
2025-11-01,Samsung 1TB SSD,Components,9,115,1035,30
2025-11-02,Samsung 1TB SSD,Components,7,115,805,30
2025-11-03,Samsung 1TB SSD,Components,8,115,920,30
2025-11-04,Samsung 1TB SSD,Components,10,115,1150,30
2025-11-05,Samsung 1TB SSD,Components,9,115,1035,30
2025-11-06,Samsung 1TB SSD,Components,8,115,920,30
2025-11-07,Samsung 1TB SSD,Components,9,115,1035,30
2025-11-08,Samsung 1TB SSD,Components,10,115,1150,30
2025-11-09,Samsung 1TB SSD,Components,11,115,1265,30
2025-11-10,Samsung 1TB SSD,Components,9,115,1035,30
2025-11-11,Samsung 1TB SSD,Components,8,115,920,30
2025-11-12,Samsung 1TB SSD,Components,9,115,1035,30
2025-11-13,Samsung 1TB SSD,Components,8,115,920,30
2025-11-14,Samsung 1TB SSD,Components,9,115,1035,30
2025-11-15,Samsung 1TB SSD,Components,10,115,1150,30
2025-11-16,Samsung 1TB SSD,Components,11,115,1265,30
2025-11-17,Samsung 1TB SSD,Components,10,115,1150,30
2025-11-18,Samsung 1TB SSD,Components,8,115,920,30
2025-11-19,Samsung 1TB SSD,Components,9,115,1035,30
2025-11-20,Samsung 1TB SSD,Components,8,115,920,30
2025-11-21,Samsung 1TB SSD,Components,9,115,1035,30
2025-11-22,Samsung 1TB SSD,Components,10,115,1150,30
2025-11-23,Samsung 1TB SSD,Components,11,115,1265,30
2025-11-24,Samsung 1TB SSD,Components,10,115,1150,30
2025-11-25,Samsung 1TB SSD,Components,8,115,920,30
2025-11-26,Samsung 1TB SSD,Components,9,115,1035,30
2025-11-27,Samsung 1TB SSD,Components,8,115,920,30
2025-11-28,Samsung 1TB SSD,Components,14,103,1442,30
2025-11-29,Samsung 1TB SSD,Components,16,103,1648,30
2025-11-30,Samsung 1TB SSD,Components,9,115,1035,30
2025-11-01,Kingston 16GB DDR4 RAM,Components,6,59,354,33
2025-11-02,Kingston 16GB DDR4 RAM,Components,5,59,295,33
2025-11-03,Kingston 16GB DDR4 RAM,Components,7,59,413,33
2025-11-04,Kingston 16GB DDR4 RAM,Components,8,59,472,33
2025-11-05,Kingston 16GB DDR4 RAM,Components,6,59,354,33
2025-11-06,Kingston 16GB DDR4 RAM,Components,5,59,295,33
2025-11-07,Kingston 16GB DDR4 RAM,Components,7,59,413,33
2025-11-08,Kingston 16GB DDR4 RAM,Components,8,59,472,33
2025-11-09,Kingston 16GB DDR4 RAM,Components,9,59,531,33
2025-11-10,Kingston 16GB DDR4 RAM,Components,7,59,413,33
2025-11-11,Kingston 16GB DDR4 RAM,Components,6,59,354,33
2025-11-12,Kingston 16GB DDR4 RAM,Components,6,59,354,33
2025-11-13,Kingston 16GB DDR4 RAM,Components,5,59,295,33
2025-11-14,Kingston 16GB DDR4 RAM,Components,7,59,413,33
2025-11-15,Kingston 16GB DDR4 RAM,Components,8,59,472,33
2025-11-16,Kingston 16GB DDR4 RAM,Components,9,59,531,33
2025-11-17,Kingston 16GB DDR4 RAM,Components,8,59,472,33
2025-11-18,Kingston 16GB DDR4 RAM,Components,6,59,354,33
2025-11-19,Kingston 16GB DDR4 RAM,Components,6,59,354,33
2025-11-20,Kingston 16GB DDR4 RAM,Components,5,59,295,33
2025-11-21,Kingston 16GB DDR4 RAM,Components,7,59,413,33
2025-11-22,Kingston 16GB DDR4 RAM,Components,8,59,472,33
2025-11-23,Kingston 16GB DDR4 RAM,Components,9,59,531,33
2025-11-24,Kingston 16GB DDR4 RAM,Components,8,59,472,33
2025-11-25,Kingston 16GB DDR4 RAM,Components,6,59,354,33
2025-11-26,Kingston 16GB DDR4 RAM,Components,6,59,354,33
2025-11-27,Kingston 16GB DDR4 RAM,Components,5,59,295,33
2025-11-28,Kingston 16GB DDR4 RAM,Components,11,51,561,33
2025-11-29,Kingston 16GB DDR4 RAM,Components,13,51,663,33
2025-11-30,Kingston 16GB DDR4 RAM,Components,7,59,413,33
2025-11-01,NVIDIA RTX 4060 GPU,Components,2,399,798,15
2025-11-02,NVIDIA RTX 4060 GPU,Components,3,399,1197,15
2025-11-03,NVIDIA RTX 4060 GPU,Components,4,399,1596,15
2025-11-04,NVIDIA RTX 4060 GPU,Components,2,399,798,15
2025-11-05,NVIDIA RTX 4060 GPU,Components,2,399,798,15
2025-11-06,NVIDIA RTX 4060 GPU,Components,2,399,798,15
2025-11-07,NVIDIA RTX 4060 GPU,Components,3,399,1197,15
2025-11-08,NVIDIA RTX 4060 GPU,Components,5,399,1995,15
2025-11-09,NVIDIA RTX 4060 GPU,Components,6,399,2394,15
2025-11-10,NVIDIA RTX 4060 GPU,Components,5,399,1995,15
2025-11-11,NVIDIA RTX 4060 GPU,Components,2,399,798,15
2025-11-12,NVIDIA RTX 4060 GPU,Components,2,399,798,15
2025-11-13,NVIDIA RTX 4060 GPU,Components,2,399,798,15
2025-11-14,NVIDIA RTX 4060 GPU,Components,3,399,1197,15
2025-11-15,NVIDIA RTX 4060 GPU,Components,5,399,1995,15
2025-11-16,NVIDIA RTX 4060 GPU,Components,6,399,2394,15
2025-11-17,NVIDIA RTX 4060 GPU,Components,5,399,1995,15
2025-11-18,NVIDIA RTX 4060 GPU,Components,2,399,798,15
2025-11-19,NVIDIA RTX 4060 GPU,Components,2,399,798,15
2025-11-20,NVIDIA RTX 4060 GPU,Components,2,399,798,15
2025-11-21,NVIDIA RTX 4060 GPU,Components,3,399,1197,15
2025-11-22,NVIDIA RTX 4060 GPU,Components,5,399,1995,15
2025-11-23,NVIDIA RTX 4060 GPU,Components,6,399,2394,15
2025-11-24,NVIDIA RTX 4060 GPU,Components,5,399,1995,15
2025-11-25,NVIDIA RTX 4060 GPU,Components,2,399,798,15
2025-11-26,NVIDIA RTX 4060 GPU,Components,2,399,798,15
2025-11-27,NVIDIA RTX 4060 GPU,Components,2,399,798,15
2025-11-28,NVIDIA RTX 4060 GPU,Components,8,359,2872,15
2025-11-29,NVIDIA RTX 4060 GPU,Components,10,359,3590,15
2025-11-30,NVIDIA RTX 4060 GPU,Components,4,399,1596,15
2025-11-01,HP LaserJet Printer,Printers,3,239,717,20
2025-11-02,HP LaserJet Printer,Printers,2,239,478,20
2025-11-03,HP LaserJet Printer,Printers,1,239,239,20
2025-11-04,HP LaserJet Printer,Printers,4,239,956,20
2025-11-05,HP LaserJet Printer,Printers,3,239,717,20
2025-11-06,HP LaserJet Printer,Printers,2,239,478,20
2025-11-07,HP LaserJet Printer,Printers,3,239,717,20
2025-11-08,HP LaserJet Printer,Printers,2,239,478,20
2025-11-09,HP LaserJet Printer,Printers,1,239,239,20
2025-11-10,HP LaserJet Printer,Printers,1,239,239,20
2025-11-11,HP LaserJet Printer,Printers,3,239,717,20
2025-11-12,HP LaserJet Printer,Printers,3,239,717,20
2025-11-13,HP LaserJet Printer,Printers,2,239,478,20
2025-11-14,HP LaserJet Printer,Printers,3,239,717,20
2025-11-15,HP LaserJet Printer,Printers,2,239,478,20
2025-11-16,HP LaserJet Printer,Printers,1,239,239,20
2025-11-17,HP LaserJet Printer,Printers,1,239,239,20
2025-11-18,HP LaserJet Printer,Printers,3,239,717,20
2025-11-19,HP LaserJet Printer,Printers,3,239,717,20
2025-11-20,HP LaserJet Printer,Printers,2,239,478,20
2025-11-21,HP LaserJet Printer,Printers,3,239,717,20
2025-11-22,HP LaserJet Printer,Printers,2,239,478,20
2025-11-23,HP LaserJet Printer,Printers,1,239,239,20
2025-11-24,HP LaserJet Printer,Printers,1,239,239,20
2025-11-25,HP LaserJet Printer,Printers,3,239,717,20
2025-11-26,HP LaserJet Printer,Printers,3,239,717,20
2025-11-27,HP LaserJet Printer,Printers,2,239,478,20
2025-11-28,HP LaserJet Printer,Printers,4,219,876,20
2025-11-29,HP LaserJet Printer,Printers,3,219,657,20
2025-11-30,HP LaserJet Printer,Printers,2,239,478,20
2025-11-01,Epson EcoTank Printer,Printers,2,299,598,18
2025-11-02,Epson EcoTank Printer,Printers,1,299,299,18
2025-11-03,Epson EcoTank Printer,Printers,1,299,299,18
2025-11-04,Epson EcoTank Printer,Printers,2,299,598,18
2025-11-05,Epson EcoTank Printer,Printers,2,299,598,18
2025-11-06,Epson EcoTank Printer,Printers,1,299,299,18
2025-11-07,Epson EcoTank Printer,Printers,2,299,598,18
2025-11-08,Epson EcoTank Printer,Printers,1,299,299,18
2025-11-09,Epson EcoTank Printer,Printers,1,299,299,18
2025-11-10,Epson EcoTank Printer,Printers,1,299,299,18
2025-11-11,Epson EcoTank Printer,Printers,2,299,598,18
2025-11-12,Epson EcoTank Printer,Printers,2,299,598,18
2025-11-13,Epson EcoTank Printer,Printers,2,299,598,18
2025-11-14,Epson EcoTank Printer,Printers,2,299,598,18
2025-11-15,Epson EcoTank Printer,Printers,1,299,299,18
2025-11-16,Epson EcoTank Printer,Printers,1,299,299,18
2025-11-17,Epson EcoTank Printer,Printers,1,299,299,18
2025-11-18,Epson EcoTank Printer,Printers,2,299,598,18
2025-11-19,Epson EcoTank Printer,Printers,2,299,598,18
2025-11-20,Epson EcoTank Printer,Printers,2,299,598,18
2025-11-21,Epson EcoTank Printer,Printers,2,299,598,18
2025-11-22,Epson EcoTank Printer,Printers,1,299,299,18
2025-11-23,Epson EcoTank Printer,Printers,1,299,299,18
2025-11-24,Epson EcoTank Printer,Printers,1,299,299,18
2025-11-25,Epson EcoTank Printer,Printers,2,299,598,18
2025-11-26,Epson EcoTank Printer,Printers,2,299,598,18
2025-11-27,Epson EcoTank Printer,Printers,2,299,598,18
2025-11-28,Epson EcoTank Printer,Printers,3,279,837,18
2025-11-29,Epson EcoTank Printer,Printers,2,279,558,18
2025-11-30,Epson EcoTank Printer,Printers,2,299,598,18
2025-11-01,Logitech C920 Webcam,Accessories,5,79,395,42
2025-11-02,Logitech C920 Webcam,Accessories,4,79,316,42
2025-11-03,Logitech C920 Webcam,Accessories,3,79,237,42
2025-11-04,Logitech C920 Webcam,Accessories,6,79,474,42
2025-11-05,Logitech C920 Webcam,Accessories,5,79,395,42
2025-11-06,Logitech C920 Webcam,Accessories,4,79,316,42
2025-11-07,Logitech C920 Webcam,Accessories,5,79,395,42
2025-11-08,Logitech C920 Webcam,Accessories,4,79,316,42
2025-11-09,Logitech C920 Webcam,Accessories,3,79,237,42
2025-11-10,Logitech C920 Webcam,Accessories,3,79,237,42
2025-11-11,Logitech C920 Webcam,Accessories,5,79,395,42
2025-11-12,Logitech C920 Webcam,Accessories,5,79,395,42
2025-11-13,Logitech C920 Webcam,Accessories,4,79,316,42
2025-11-14,Logitech C920 Webcam,Accessories,5,79,395,42
2025-11-15,Logitech C920 Webcam,Accessories,4,79,316,42
2025-11-16,Logitech C920 Webcam,Accessories,3,79,237,42
2025-11-17,Logitech C920 Webcam,Accessories,3,79,237,42
2025-11-18,Logitech C920 Webcam,Accessories,5,79,395,42
2025-11-19,Logitech C920 Webcam,Accessories,5,79,395,42
2025-11-20,Logitech C920 Webcam,Accessories,4,79,316,42
2025-11-21,Logitech C920 Webcam,Accessories,5,79,395,42
2025-11-22,Logitech C920 Webcam,Accessories,4,79,316,42
2025-11-23,Logitech C920 Webcam,Accessories,3,79,237,42
2025-11-24,Logitech C920 Webcam,Accessories,3,79,237,42
2025-11-25,Logitech C920 Webcam,Accessories,5,79,395,42
2025-11-26,Logitech C920 Webcam,Accessories,5,79,395,42
2025-11-27,Logitech C920 Webcam,Accessories,4,79,316,42
2025-11-28,Logitech C920 Webcam,Accessories,7,71,497,42
2025-11-29,Logitech C920 Webcam,Accessories,6,71,426,42
2025-11-30,Logitech C920 Webcam,Accessories,4,79,316,42
2025-11-01,Anker 7-Port USB Hub,Accessories,12,35,420,45
2025-11-02,Anker 7-Port USB Hub,Accessories,10,35,350,45
2025-11-03,Anker 7-Port USB Hub,Accessories,15,35,525,45
2025-11-04,Anker 7-Port USB Hub,Accessories,9,35,315,45
2025-11-05,Anker 7-Port USB Hub,Accessories,11,35,385,45
2025-11-06,Anker 7-Port USB Hub,Accessories,10,35,350,45
2025-11-07,Anker 7-Port USB Hub,Accessories,12,35,420,45
2025-11-08,Anker 7-Port USB Hub,Accessories,14,35,490,45
2025-11-09,Anker 7-Port USB Hub,Accessories,16,35,560,45
2025-11-10,Anker 7-Port USB Hub,Accessories,15,35,525,45
2025-11-11,Anker 7-Port USB Hub,Accessories,9,35,315,45
2025-11-12,Anker 7-Port USB Hub,Accessories,10,35,350,45
2025-11-13,Anker 7-Port USB Hub,Accessories,11,35,385,45
2025-11-14,Anker 7-Port USB Hub,Accessories,12,35,420,45
2025-11-15,Anker 7-Port USB Hub,Accessories,14,35,490,45
2025-11-16,Anker 7-Port USB Hub,Accessories,16,35,560,45
2025-11-17,Anker 7-Port USB Hub,Accessories,15,35,525,45
2025-11-18,Anker 7-Port USB Hub,Accessories,9,35,315,45
2025-11-19,Anker 7-Port USB Hub,Accessories,10,35,350,45
2025-11-20,Anker 7-Port USB Hub,Accessories,11,35,385,45
2025-11-21,Anker 7-Port USB Hub,Accessories,12,35,420,45
2025-11-22,Anker 7-Port USB Hub,Accessories,14,35,490,45
2025-11-23,Anker 7-Port USB Hub,Accessories,16,35,560,45
2025-11-24,Anker 7-Port USB Hub,Accessories,15,35,525,45
2025-11-25,Anker 7-Port USB Hub,Accessories,9,35,315,45
2025-11-26,Anker 7-Port USB Hub,Accessories,10,35,350,45
2025-11-27,Anker 7-Port USB Hub,Accessories,11,35,385,45
2025-11-28,Anker 7-Port USB Hub,Accessories,18,31,558,45
2025-11-29,Anker 7-Port USB Hub,Accessories,20,31,620,45
2025-11-30,Anker 7-Port USB Hub,Accessories,12,35,420,45
2025-11-01,WD 2TB External HDD,Storage,7,75,525,28
2025-11-02,WD 2TB External HDD,Storage,5,75,375,28
2025-11-03,WD 2TB External HDD,Storage,6,75,450,28
2025-11-04,WD 2TB External HDD,Storage,5,75,375,28
2025-11-05,WD 2TB External HDD,Storage,6,75,450,28
2025-11-06,WD 2TB External HDD,Storage,5,75,375,28
2025-11-07,WD 2TB External HDD,Storage,7,75,525,28
2025-11-08,WD 2TB External HDD,Storage,6,75,450,28
2025-11-09,WD 2TB External HDD,Storage,7,75,525,28
2025-11-10,WD 2TB External HDD,Storage,6,75,450,28
2025-11-11,WD 2TB External HDD,Storage,5,75,375,28
2025-11-12,WD 2TB External HDD,Storage,6,75,450,28
2025-11-13,WD 2TB External HDD,Storage,5,75,375,28
2025-11-14,WD 2TB External HDD,Storage,7,75,525,28
2025-11-15,WD 2TB External HDD,Storage,6,75,450,28
2025-11-16,WD 2TB External HDD,Storage,7,75,525,28
2025-11-17,WD 2TB External HDD,Storage,6,75,450,28
2025-11-18,WD 2TB External HDD,Storage,5,75,375,28
2025-11-19,WD 2TB External HDD,Storage,6,75,450,28
2025-11-20,WD 2TB External HDD,Storage,5,75,375,28
2025-11-21,WD 2TB External HDD,Storage,7,75,525,28
2025-11-22,WD 2TB External HDD,Storage,6,75,450,28
2025-11-23,WD 2TB External HDD,Storage,7,75,525,28
2025-11-24,WD 2TB External HDD,Storage,6,75,450,28
2025-11-25,WD 2TB External HDD,Storage,5,75,375,28
2025-11-26,WD 2TB External HDD,Storage,6,75,450,28
2025-11-27,WD 2TB External HDD,Storage,5,75,375,28
2025-11-28,WD 2TB External HDD,Storage,9,67,603,28
2025-11-29,WD 2TB External HDD,Storage,10,67,670,28
2025-11-30,WD 2TB External HDD,Storage,6,75,450,28
2025-11-01,SanDisk 128GB Flash Drive,Storage,15,15,225,50
2025-11-02,SanDisk 128GB Flash Drive,Storage,12,15,180,50
2025-11-03,SanDisk 128GB Flash Drive,Storage,18,15,270,50
2025-11-04,SanDisk 128GB Flash Drive,Storage,11,15,165,50
2025-11-05,SanDisk 128GB Flash Drive,Storage,14,15,210,50
2025-11-06,SanDisk 128GB Flash Drive,Storage,13,15,195,50
2025-11-07,SanDisk 128GB Flash Drive,Storage,16,15,240,50
2025-11-08,SanDisk 128GB Flash Drive,Storage,20,15,300,50
2025-11-09,SanDisk 128GB Flash Drive,Storage,22,15,330,50
2025-11-10,SanDisk 128GB Flash Drive,Storage,20,15,300,50
2025-11-11,SanDisk 128GB Flash Drive,Storage,12,15,180,50
2025-11-12,SanDisk 128GB Flash Drive,Storage,14,15,210,50
2025-11-13,SanDisk 128GB Flash Drive,Storage,13,15,195,50
2025-11-14,SanDisk 128GB Flash Drive,Storage,15,15,225,50
2025-11-15,SanDisk 128GB Flash Drive,Storage,19,15,285,50
2025-11-16,SanDisk 128GB Flash Drive,Storage,21,15,315,50
2025-11-17,SanDisk 128GB Flash Drive,Storage,20,15,300,50
2025-11-18,SanDisk 128GB Flash Drive,Storage,12,15,180,50
2025-11-19,SanDisk 128GB Flash Drive,Storage,14,15,210,50
2025-11-20,SanDisk 128GB Flash Drive,Storage,13,15,195,50
2025-11-21,SanDisk 128GB Flash Drive,Storage,15,15,225,50
2025-11-22,SanDisk 128GB Flash Drive,Storage,19,15,285,50
2025-11-23,SanDisk 128GB Flash Drive,Storage,21,15,315,50
2025-11-24,SanDisk 128GB Flash Drive,Storage,20,15,300,50
2025-11-25,SanDisk 128GB Flash Drive,Storage,12,15,180,50
2025-11-26,SanDisk 128GB Flash Drive,Storage,14,15,210,50
2025-11-27,SanDisk 128GB Flash Drive,Storage,13,15,195,50
2025-11-28,SanDisk 128GB Flash Drive,Storage,25,11,275,50
2025-11-29,SanDisk 128GB Flash Drive,Storage,28,11,308,50
2025-11-30,SanDisk 128GB Flash Drive,Storage,16,15,240,50
2025-11-01,ASUS AX3000 Router,Networking,4,131,524,26
2025-11-02,ASUS AX3000 Router,Networking,3,131,393,26
2025-11-03,ASUS AX3000 Router,Networking,5,131,655,26
2025-11-04,ASUS AX3000 Router,Networking,3,131,393,26
2025-11-05,ASUS AX3000 Router,Networking,4,131,524,26
2025-11-06,ASUS AX3000 Router,Networking,3,131,393,26
2025-11-07,ASUS AX3000 Router,Networking,4,131,524,26
2025-11-08,ASUS AX3000 Router,Networking,5,131,655,26
2025-11-09,ASUS AX3000 Router,Networking,6,131,786,26
2025-11-10,ASUS AX3000 Router,Networking,5,131,655,26
2025-11-11,ASUS AX3000 Router,Networking,3,131,393,26
2025-11-12,ASUS AX3000 Router,Networking,4,131,524,26
2025-11-13,ASUS AX3000 Router,Networking,3,131,393,26
2025-11-14,ASUS AX3000 Router,Networking,4,131,524,26
2025-11-15,ASUS AX3000 Router,Networking,5,131,655,26
2025-11-16,ASUS AX3000 Router,Networking,6,131,786,26
2025-11-17,ASUS AX3000 Router,Networking,5,131,655,26
2025-11-18,ASUS AX3000 Router,Networking,3,131,393,26
2025-11-19,ASUS AX3000 Router,Networking,4,131,524,26
2025-11-20,ASUS AX3000 Router,Networking,3,131,393,26
2025-11-21,ASUS AX3000 Router,Networking,4,131,524,26
2025-11-22,ASUS AX3000 Router,Networking,5,131,655,26
2025-11-23,ASUS AX3000 Router,Networking,6,131,786,26
2025-11-24,ASUS AX3000 Router,Networking,5,131,655,26
2025-11-25,ASUS AX3000 Router,Networking,3,131,393,26
2025-11-26,ASUS AX3000 Router,Networking,4,131,524,26
2025-11-27,ASUS AX3000 Router,Networking,3,131,393,26
2025-11-28,ASUS AX3000 Router,Networking,7,119,833,26
2025-11-29,ASUS AX3000 Router,Networking,8,119,952,26
2025-11-30,ASUS AX3000 Router,Networking,5,131,655,26
