public/demo.csv
Date,Product,Category,Units_Sold,Price_EUR,Revenue_EUR,Margin_Percent
2025-11-01,Anker 20000mAh Powerbank,Accessories,6,51,306,40
2025-11-02,Anker 20000mAh Powerbank,Accessories,5,51,255,40
2025-11-03,Anker 20000mAh Powerbank,Accessories,7,51,357,40
2025-11-04,Anker 20000mAh Powerbank,Accessories,4,51,204,40
2025-11-05,Anker 20000mAh Powerbank,Accessories,5,51,255,40
2025-11-06,Anker 20000mAh Powerbank,Accessories,5,51,255,40
2025-11-07,Anker 20000mAh Powerbank,Accessories,6,51,306,40
2025-11-08,Anker 20000mAh Powerbank,Accessories,8,51,408,40
2025-11-09,Anker 20000mAh Powerbank,Accessories,9,51,459,40
2025-11-10,Anker 20000mAh Powerbank,Accessories,8,51,408,40
2025-11-11,Anker 20000mAh Powerbank,Accessories,4,51,204,40
2025-11-12,Anker 20000mAh Powerbank,Accessories,5,51,255,40
2025-11-13,Anker 20000mAh Powerbank,Accessories,5,51,255,40
2025-11-14,Anker 20000mAh Powerbank,Accessories,6,51,306,40
2025-11-15,Anker 20000mAh Powerbank,Accessories,8,51,408,40
2025-11-16,Anker 20000mAh Powerbank,Accessories,9,51,459,40
2025-11-17,Anker 20000mAh Powerbank,Accessories,8,51,408,40
2025-11-18,Anker 20000mAh Powerbank,Accessories,4,51,204,40
2025-11-19,Anker 20000mAh Powerbank,Accessories,5,51,255,40
2025-11-20,Anker 20000mAh Powerbank,Accessories,5,51,255,40
2025-11-21,Anker 20000mAh Powerbank,Accessories,6,51,306,40
2025-11-22,Anker 20000mAh Powerbank,Accessories,8,51,408,40
2025-11-23,Anker 20000mAh Powerbank,Accessories,9,51,459,40
2025-11-24,Anker 20000mAh Powerbank,Accessories,8,51,408,40
2025-11-25,Anker 20000mAh Powerbank,Accessories,4,51,204,40
2025-11-26,Anker 20000mAh Powerbank,Accessories,5,51,255,40
2025-11-27,Anker 20000mAh Powerbank,Accessories,5,51,255,40
2025-11-28,Anker 20000mAh Powerbank,Accessories,10,43,430,40
2025-11-29,Anker 20000mAh Powerbank,Accessories,12,43,516,40
2025-11-30,Anker 20000mAh Powerbank,Accessories,7,51,357,40
2025-11-01,Dell Inspiron 14 Laptop,Laptops,2,719,1438,17
2025-11-02,Dell Inspiron 14 Laptop,Laptops,1,719,719,17
2025-11-03,Dell Inspiron 14 Laptop,Laptops,3,719,2157,17
2025-11-04,Dell Inspiron 14 Laptop,Laptops,2,719,1438,17
2025-11-05,Dell Inspiron 14 Laptop,Laptops,2,719,1438,17
2025-11-06,Dell Inspiron 14 Laptop,Laptops,1,719,719,17
2025-11-07,Dell Inspiron 14 Laptop,Laptops,2,719,1438,17
2025-11-08,Dell Inspiron 14 Laptop,Laptops,4,719,2876,17
2025-11-09,Dell Inspiron 14 Laptop,Laptops,5,719,3595,17
2025-11-10,Dell Inspiron 14 Laptop,Laptops,4,719,2876,17
2025-11-11,Dell Inspiron 14 Laptop,Laptops,2,719,1438,17
2025-11-12,Dell Inspiron 14 Laptop,Laptops,2,719,1438,17
2025-11-13,Dell Inspiron 14 Laptop,Laptops,2,719,1438,17
2025-11-14,Dell Inspiron 14 Laptop,Laptops,2,719,1438,17
2025-11-15,Dell Inspiron 14 Laptop,Laptops,4,719,2876,17
2025-11-16,Dell Inspiron 14 Laptop,Laptops,5,719,3595,17
2025-11-17,Dell Inspiron 14 Laptop,Laptops,4,719,2876,17
2025-11-18,Dell Inspiron 14 Laptop,Laptops,2,719,1438,17
2025-11-19,Dell Inspiron 14 Laptop,Laptops,2,719,1438,17
2025-11-20,Dell Inspiron 14 Laptop,Laptops,2,719,1438,17
2025-11-21,Dell Inspiron 14 Laptop,Laptops,2,719,1438,17
2025-11-22,Dell Inspiron 14 Laptop,Laptops,4,719,2876,17
2025-11-23,Dell Inspiron 14 Laptop,Laptops,5,719,3595,17
2025-11-24,Dell Inspiron 14 Laptop,Laptops,4,719,2876,17
2025-11-25,Dell Inspiron 14 Laptop,Laptops,2,719,1438,17
2025-11-26,Dell Inspiron 14 Laptop,Laptops,2,719,1438,17
2025-11-27,Dell Inspiron 14 Laptop,Laptops,2,719,1438,17
2025-11-28,Dell Inspiron 14 Laptop,Laptops,6,659,3954,17
2025-11-29,Dell Inspiron 14 Laptop,Laptops,8,659,5272,17
2025-11-30,Dell Inspiron 14 Laptop,Laptops,3,719,2157,17
2025-11-01,Lenovo Tab M10 Tablet,Tablets,3,219,657,22
2025-11-02,Lenovo Tab M10 Tablet,Tablets,2,219,438,22
2025-11-03,Lenovo Tab M10 Tablet,Tablets,4,219,876,22
2025-11-04,Lenovo Tab M10 Tablet,Tablets,2,219,438,22
2025-11-05,Lenovo Tab M10 Tablet,Tablets,3,219,657,22
2025-11-06,Lenovo Tab M10 Tablet,Tablets,2,219,438,22
2025-11-07,Lenovo Tab M10 Tablet,Tablets,3,219,657,22
2025-11-08,Lenovo Tab M10 Tablet,Tablets,5,219,1095,22
2025-11-09,Lenovo Tab M10 Tablet,Tablets,6,219,1314,22
2025-11-10,Lenovo Tab M10 Tablet,Tablets,5,219,1095,22
2025-11-11,Lenovo Tab M10 Tablet,Tablets,2,219,438,22
2025-11-12,Lenovo Tab M10 Tablet,Tablets,3,219,657,22
2025-11-13,Lenovo Tab M10 Tablet,Tablets,2,219,438,22
2025-11-14,Lenovo Tab M10 Tablet,Tablets,3,219,657,22
2025-11-15,Lenovo Tab M10 Tablet,Tablets,5,219,1095,22
2025-11-16,Lenovo Tab M10 Tablet,Tablets,6,219,1314,22
2025-11-17,Lenovo Tab M10 Tablet,Tablets,5,219,1095,22
2025-11-18,Lenovo Tab M10 Tablet,Tablets,2,219,438,22
2025-11-19,Lenovo Tab M10 Tablet,Tablets,3,219,657,22
2025-11-20,Lenovo Tab M10 Tablet,Tablets,2,219,438,22
2025-11-21,Lenovo Tab M10 Tablet,Tablets,3,219,657,22
2025-11-22,Lenovo Tab M10 Tablet,Tablets,5,219,1095,22
2025-11-23,Lenovo Tab M10 Tablet,Tablets,6,219,1314,22
2025-11-24,Lenovo Tab M10 Tablet,Tablets,5,219,1095,22
2025-11-25,Lenovo Tab M10 Tablet,Tablets,2,219,438,22
2025-11-26,Lenovo Tab M10 Tablet,Tablets,3,219,657,22
2025-11-27,Lenovo Tab M10 Tablet,Tablets,2,219,438,22
2025-11-28,Lenovo Tab M10 Tablet,Tablets,7,199,1393,22
2025-11-29,Lenovo Tab M10 Tablet,Tablets,9,199,1791,22
2025-11-30,Lenovo Tab M10 Tablet,Tablets,4,219,876,22
2025-11-01,ASUS ProArt 27" Monitor,Monitors,1,639,639,19
2025-11-02,ASUS ProArt 27" Monitor,Monitors,0,639,0,19
2025-11-03,ASUS ProArt 27" Monitor,Monitors,2,639,1278,19
2025-11-04,ASUS ProArt 27" Monitor,Monitors,1,639,639,19
2025-11-05,ASUS ProArt 27" Monitor,Monitors,1,639,639,19
2025-11-06,ASUS ProArt 27" Monitor,Monitors,1,639,639,19
2025-11-07,ASUS ProArt 27" Monitor,Monitors,1,639,639,19
2025-11-08,ASUS ProArt 27" Monitor,Monitors,2,639,1278,19
2025-11-09,ASUS ProArt 27" Monitor,Monitors,3,639,1917,19
2025-11-10,ASUS ProArt 27" Monitor,Monitors,2,639,1278,19
2025-11-11,ASUS ProArt 27" Monitor,Monitors,1,639,639,19
2025-11-12,ASUS ProArt 27" Monitor,Monitors,1,639,639,19
2025-11-13,ASUS ProArt 27" Monitor,Monitors,1,639,639,19
2025-11-14,ASUS ProArt 27" Monitor,Monitors,1,639,639,19
2025-11-15,ASUS ProArt 27" Monitor,Monitors,2,639,1278,19
2025-11-16,ASUS ProArt 27" Monitor,Monitors,3,639,1917,19
2025-11-17,ASUS ProArt 27" Monitor,Monitors,2,639,1278,19
2025-11-18,ASUS ProArt 27" Monitor,Monitors,1,639,639,19
2025-11-19,ASUS ProArt 27" Monitor,Monitors,1,639,639,19
2025-11-20,ASUS ProArt 27" Monitor,Monitors,1,639,639,19
2025-11-21,ASUS ProArt 27" Monitor,Monitors,1,639,639,19
2025-11-22,ASUS ProArt 27" Monitor,Monitors,2,639,1278,19
2025-11-23,ASUS ProArt 27" Monitor,Monitors,3,639,1917,19
2025-11-24,ASUS ProArt 27" Monitor,Monitors,2,639,1278,19
2025-11-25,ASUS ProArt 27" Monitor,Monitors,1,639,639,19
2025-11-26,ASUS ProArt 27" Monitor,Monitors,1,639,639,19
2025-11-27,ASUS ProArt 27" Monitor,Monitors,1,639,639,19
2025-11-28,ASUS ProArt 27" Monitor,Monitors,4,579,2316,19
2025-11-29,ASUS ProArt 27" Monitor,Monitors,5,579,2895,19
2025-11-30,ASUS ProArt 27" Monitor,Monitors,2,639,1278,19
2025-11-01,Corsair K70 RGB Keyboard,Gaming,3,171,513,32
2025-11-02,Corsair K70 RGB Keyboard,Gaming,5,171,855,32
2025-11-03,Corsair K70 RGB Keyboard,Gaming,8,171,1368,32
2025-11-04,Corsair K70 RGB Keyboard,Gaming,2,171,342,32
2025-11-05,Corsair K70 RGB Keyboard,Gaming,3,171,513,32
2025-11-06,Corsair K70 RGB Keyboard,Gaming,4,171,684,32
2025-11-07,Corsair K70 RGB Keyboard,Gaming,5,171,855,32
2025-11-08,Corsair K70 RGB Keyboard,Gaming,9,171,1539,32
2025-11-09,Corsair K70 RGB Keyboard,Gaming,11,171,1881,32
2025-11-10,Corsair K70 RGB Keyboard,Gaming,10,171,1710,32
2025-11-11,Corsair K70 RGB Keyboard,Gaming,2,171,342,32
2025-11-12,Corsair K70 RGB Keyboard,Gaming,3,171,513,32
2025-11-13,Corsair K70 RGB Keyboard,Gaming,4,171,684,32
2025-11-14,Corsair K70 RGB Keyboard,Gaming,5,171,855,32
2025-11-15,Corsair K70 RGB Keyboard,Gaming,9,171,1539,32
2025-11-16,Corsair K70 RGB Keyboard,Gaming,11,171,1881,32
2025-11-17,Corsair K70 RGB Keyboard,Gaming,10,171,1710,32
2025-11-18,Corsair K70 RGB Keyboard,Gaming,2,171,342,32
2025-11-19,Corsair K70 RGB Keyboard,Gaming,3,171,513,32
2025-11-20,Corsair K70 RGB Keyboard,Gaming,4,171,684,32
2025-11-21,Corsair K70 RGB Keyboard,Gaming,5,171,855,32
2025-11-22,Corsair K70 RGB Keyboard,Gaming,9,171,1539,32
2025-11-23,Corsair K70 RGB Keyboard,Gaming,11,171,1881,32
2025-11-24,Corsair K70 RGB Keyboard,Gaming,10,171,1710,32
2025-11-25,Corsair K70 RGB Keyboard,Gaming,2,171,342,32
2025-11-26,Corsair K70 RGB Keyboard,Gaming,3,171,513,32
2025-11-27,Corsair K70 RGB Keyboard,Gaming,4,171,684,32
2025-11-28,Corsair K70 RGB Keyboard,Gaming,12,151,1812,32
2025-11-29,Corsair K70 RGB Keyboard,Gaming,14,151,2114,32
2025-11-30,Corsair K70 RGB Keyboard,Gaming,7,171,1197,32
2025-11-01,Logitech Z333 Speakers,Accessories,4,63,252,38
2025-11-02,Logitech Z333 Speakers,Accessories,3,63,189,38
2025-11-03,Logitech Z333 Speakers,Accessories,5,63,315,38
2025-11-04,Logitech Z333 Speakers,Accessories,3,63,189,38
2025-11-05,Logitech Z333 Speakers,Accessories,4,63,252,38
2025-11-06,Logitech Z333 Speakers,Accessories,3,63,189,38
2025-11-07,Logitech Z333 Speakers,Accessories,4,63,252,38
2025-11-08,Logitech Z333 Speakers,Accessories,6,63,378,38
2025-11-09,Logitech Z333 Speakers,Accessories,7,63,441,38
2025-11-10,Logitech Z333 Speakers,Accessories,6,63,378,38
2025-11-11,Logitech Z333 Speakers,Accessories,3,63,189,38
2025-11-12,Logitech Z333 Speakers,Accessories,4,63,252,38
2025-11-13,Logitech Z333 Speakers,Accessories,3,63,189,38
2025-11-14,Logitech Z333 Speakers,Accessories,4,63,252,38
2025-11-15,Logitech Z333 Speakers,Accessories,6,63,378,38
2025-11-16,Logitech Z333 Speakers,Accessories,7,63,441,38
2025-11-17,Logitech Z333 Speakers,Accessories,6,63,378,38
2025-11-18,Logitech Z333 Speakers,Accessories,3,63,189,38
2025-11-19,Logitech Z333 Speakers,Accessories,4,63,252,38
2025-11-20,Logitech Z333 Speakers,Accessories,3,63,189,38
2025-11-21,Logitech Z333 Speakers,Accessories,4,63,252,38
2025-11-22,Logitech Z333 Speakers,Accessories,6,63,378,38
2025-11-23,Logitech Z333 Speakers,Accessories,7,63,441,38
2025-11-24,Logitech Z333 Speakers,Accessories,6,63,378,38
2025-11-25,Logitech Z333 Speakers,Accessories,3,63,189,38
2025-11-26,Logitech Z333 Speakers,Accessories,4,63,252,38
2025-11-27,Logitech Z333 Speakers,Accessories,3,63,189,38
2025-11-28,Logitech Z333 Speakers,Accessories,8,55,440,38
2025-11-29,Logitech Z333 Speakers,Accessories,9,55,495,38
2025-11-30,Logitech Z333 Speakers,Accessories,5,63,315,38
2025-11-01,APC 1500VA UPS,Networking,2,199,398,24
2025-11-02,APC 1500VA UPS,Networking,1,199,199,24
2025-11-03,APC 1500VA UPS,Networking,2,199,398,24
2025-11-04,APC 1500VA UPS,Networking,1,199,199,24
2025-11-05,APC 1500VA UPS,Networking,2,199,398,24
2025-11-06,APC 1500VA UPS,Networking,1,199,199,24
2025-11-07,APC 1500VA UPS,Networking,2,199,398,24
2025-11-08,APC 1500VA UPS,Networking,3,199,597,24
2025-11-09,APC 1500VA UPS,Networking,3,199,597,24
2025-11-10,APC 1500VA UPS,Networking,3,199,597,24
2025-11-11,APC 1500VA UPS,Networking,1,199,199,24
2025-11-12,APC 1500VA UPS,Networking,2,199,398,24
2025-11-13,APC 1500VA UPS,Networking,1,199,199,24
2025-11-14,APC 1500VA UPS,Networking,2,199,398,24
2025-11-15,APC 1500VA UPS,Networking,3,199,597,24
2025-11-16,APC 1500VA UPS,Networking,3,199,597,24
2025-11-17,APC 1500VA UPS,Networking,3,199,597,24
2025-11-18,APC 1500VA UPS,Networking,1,199,199,24
2025-11-19,APC 1500VA UPS,Networking,2,199,398,24
2025-11-20,APC 1500VA UPS,Networking,1,199,199,24
2025-11-21,APC 1500VA UPS,Networking,2,199,398,24
2025-11-22,APC 1500VA UPS,Networking,3,199,597,24
2025-11-23,APC 1500VA UPS,Networking,3,199,597,24
2025-11-24,APC 1500VA UPS,Networking,3,199,597,24
2025-11-25,APC 1500VA UPS,Networking,1,199,199,24
2025-11-26,APC 1500VA UPS,Networking,2,199,398,24
2025-11-27,APC 1500VA UPS,Networking,1,199,199,24
2025-11-28,APC 1500VA UPS,Networking,4,179,716,24
2025-11-29,APC 1500VA UPS,Networking,5,179,895,24
2025-11-30,APC 1500VA UPS,Networking,2,199,398,24
2025-11-01,HDMI 2.1 Cable 3m,Accessories,18,11,198,55
2025-11-02,HDMI 2.1 Cable 3m,Accessories,14,11,154,55
2025-11-03,HDMI 2.1 Cable 3m,Accessories,22,11,242,55
2025-11-04,HDMI 2.1 Cable 3m,Accessories,16,11,176,55
2025-11-05,HDMI 2.1 Cable 3m,Accessories,17,11,187,55
2025-11-06,HDMI 2.1 Cable 3m,Accessories,15,11,165,55
2025-11-07,HDMI 2.1 Cable 3m,Accessories,19,11,209,55
2025-11-08,HDMI 2.1 Cable 3m,Accessories,25,11,275,55
2025-11-09,HDMI 2.1 Cable 3m,Accessories,28,11,308,55
2025-11-10,HDMI 2.1 Cable 3m,Accessories,26,11,286,55
2025-11-11,HDMI 2.1 Cable 3m,Accessories,14,11,154,55
2025-11-12,HDMI 2.1 Cable 3m,Accessories,16,11,176,55
2025-11-13,HDMI 2.1 Cable 3m,Accessories,15,11,165,55
2025-11-14,HDMI 2.1 Cable 3m,Accessories,18,11,198,55
2025-11-15,HDMI 2.1 Cable 3m,Accessories,24,11,264,55
2025-11-16,HDMI 2.1 Cable 3m,Accessories,27,11,297,55
2025-11-17,HDMI 2.1 Cable 3m,Accessories,25,11,275,55
2025-11-18,HDMI 2.1 Cable 3m,Accessories,14,11,154,55
2025-11-19,HDMI 2.1 Cable 3m,Accessories,16,11,176,55
2025-11-20,HDMI 2.1 Cable 3m,Accessories,15,11,165,55
2025-11-21,HDMI 2.1 Cable 3m,Accessories,18,11,198,55
2025-11-22,HDMI 2.1 Cable 3m,Accessories,24,11,264,55
2025-11-23,HDMI 2.1 Cable 3m,Accessories,27,11,297,55
2025-11-24,HDMI 2.1 Cable 3m,Accessories,25,11,275,55
2025-11-25,HDMI 2.1 Cable 3m,Accessories,14,11,154,55
2025-11-26,HDMI 2.1 Cable 3m,Accessories,16,11,176,55
2025-11-27,HDMI 2.1 Cable 3m,Accessories,15,11,165,55
2025-11-28,HDMI 2.1 Cable 3m,Accessories,35,7,245,55
2025-11-29,HDMI 2.1 Cable 3m,Accessories,40,7,280,55
2025-11-30,HDMI 2.1 Cable 3m,Accessories,20,11,220,55
2025-11-01,XXL Mouse Pad,Gaming,8,23,184,48
2025-11-02,XXL Mouse Pad,Gaming,10,23,230,48
2025-11-03,XXL Mouse Pad,Gaming,14,23,322,48
2025-11-04,XXL Mouse Pad,Gaming,6,23,138,48
2025-11-05,XXL Mouse Pad,Gaming,7,23,161,48
2025-11-06,XXL Mouse Pad,Gaming,8,23,184,48
2025-11-07,XXL Mouse Pad,Gaming,9,23,207,48
2025-11-08,XXL Mouse Pad,Gaming,16,23,368,48
2025-11-09,XXL Mouse Pad,Gaming,18,23,414,48
2025-11-10,XXL Mouse Pad,Gaming,17,23,391,48
2025-11-11,XXL Mouse Pad,Gaming,5,23,115,48
2025-11-12,XXL Mouse Pad,Gaming,7,23,161,48
2025-11-13,XXL Mouse Pad,Gaming,8,23,184,48
2025-11-14,XXL Mouse Pad,Gaming,9,23,207,48
2025-11-15,XXL Mouse Pad,Gaming,15,23,345,48
2025-11-16,XXL Mouse Pad,Gaming,17,23,391,48
2025-11-17,XXL Mouse Pad,Gaming,16,23,368,48
2025-11-18,XXL Mouse Pad,Gaming,5,23,115,48
2025-11-19,XXL Mouse Pad,Gaming,7,23,161,48
2025-11-20,XXL Mouse Pad,Gaming,8,23,184,48
2025-11-21,XXL Mouse Pad,Gaming,9,23,207,48
2025-11-22,XXL Mouse Pad,Gaming,15,23,345,48
2025-11-23,XXL Mouse Pad,Gaming,17,23,391,48
2025-11-24,XXL Mouse Pad,Gaming,16,23,368,48
2025-11-25,XXL Mouse Pad,Gaming,5,23,115,48
2025-11-26,XXL Mouse Pad,Gaming,7,23,161,48
2025-11-27,XXL Mouse Pad,Gaming,8,23,184,48
2025-11-28,XXL Mouse Pad,Gaming,20,19,380,48
2025-11-29,XXL Mouse Pad,Gaming,24,19,456,48
2025-11-30,XXL Mouse Pad,Gaming,12,23,276,48
2025-11-01,Electronics Cleaning Kit,Accessories,10,7,70,60
2025-11-02,Electronics Cleaning Kit,Accessories,8,7,56,60
2025-11-03,Electronics Cleaning Kit,Accessories,12,7,84,60
2025-11-04,Electronics Cleaning Kit,Accessories,9,7,63,60
2025-11-05,Electronics Cleaning Kit,Accessories,10,7,70,60
2025-11-06,Electronics Cleaning Kit,Accessories,9,7,63,60
2025-11-07,Electronics Cleaning Kit,Accessories,11,7,77,60
2025-11-08,Electronics Cleaning Kit,Accessories,14,7,98,60
2025-11-09,Electronics Cleaning Kit,Accessories,15,7,105,60
2025-11-10,Electronics Cleaning Kit,Accessories,14,7,98,60
2025-11-11,Electronics Cleaning Kit,Accessories,8,7,56,60
2025-11-12,Electronics Cleaning Kit,Accessories,9,7,63,60
2025-11-13,Electronics Cleaning Kit,Accessories,10,7,70,60
2025-11-14,Electronics Cleaning Kit,Accessories,11,7,77,60
2025-11-15,Electronics Cleaning Kit,Accessories,13,7,91,60
2025-11-16,Electronics Cleaning Kit,Accessories,15,7,105,60
2025-11-17,Electronics Cleaning Kit,Accessories,14,7,98,60
2025-11-18,Electronics Cleaning Kit,Accessories,8,7,56,60
2025-11-19,Electronics Cleaning Kit,Accessories,9,7,63,60
2025-11-20,Electronics Cleaning Kit,Accessories,10,7,70,60
2025-11-21,Electronics Cleaning Kit,Accessories,11,7,77,60
2025-11-22,Electronics Cleaning Kit,Accessories,13,7,91,60
2025-11-23,Electronics Cleaning Kit,Accessories,15,7,105,60
2025-11-24,Electronics Cleaning Kit,Accessories,14,7,98,60
2025-11-25,Electronics Cleaning Kit,Accessories,8,7,56,60
2025-11-26,Electronics Cleaning Kit,Accessories,9,7,63,60
2025-11-27,Electronics Cleaning Kit,Accessories,10,7,70,60
2025-11-28,Electronics Cleaning Kit,Accessories,18,5,90,60
2025-11-29,Electronics Cleaning Kit,Accessories,20,5,100,60
2025-11-30,Electronics Cleaning Kit,Accessories,11,7,77,60
